Remove Pin=J5-2 From Net=A7
Remove Pin=J5-3 From Net=A6
Remove Pin=J5-4 From Net=A5
Remove Pin=J5-5 From Net=A4
Remove Pin=J5-6 From Net=A3
Remove Pin=J5-7 From Net=A2
Remove Pin=J5-8 From Net=A1
Remove Pin=J5-9 From Net=A0
Remove Pin=J5-10 From Net=IR
Remove Pin=P1-2 From Net=SWDIO
Remove Pin=P1-3 From Net=SWCLK
Remove Pin=P2-2 From Net=RX
Remove Pin=P2-3 From Net=TX
Remove Pin=Q3-1 From Net=IR-IRP
Remove Pin=R6-1 From Net=C13
Remove Pin=U1A-2 From Net=C13
Remove Pin=U1A-7 From Net=RST
Remove Pin=U1A-10 From Net=A0
Remove Pin=U1A-11 From Net=A1
Remove Pin=U1A-12 From Net=A2
Remove Pin=U1A-13 From Net=A3
Remove Pin=U1A-14 From Net=A4
Remove Pin=U1A-15 From Net=A5
Remove Pin=U1A-16 From Net=A6
Remove Pin=U1A-17 From Net=A7
Remove Pin=U1A-18 From Net=IR
Remove Pin=U1A-21 From Net=IR-IRP
Remove Pin=U1A-22 From Net=STBY
Remove Pin=U1A-29 From Net=M-PWM-ON/OFF
Remove Pin=U1A-30 From Net=TX
Remove Pin=U1A-31 From Net=RX
Remove Pin=U1A-34 From Net=SWDIO
Remove Pin=U1A-37 From Net=SWCLK
Remove Pin=U1A-40 From Net=AIN1
Remove Pin=U1A-41 From Net=AIN2
Remove Pin=U1A-42 From Net=BIN1
Remove Pin=U1A-43 From Net=BIN2
Remove Pin=U1A-44 From Net=BT0
Remove Pin=U1A-45 From Net=PWMA
Remove Pin=U1A-46 From Net=PWMB
Remove Pin=U2-4 From Net=out_fb
