Added Pin To Net: NetName=GND Pin=U2-5
Added Member To Class: ClassName=High-Speed-Line-Follower Member=Component C1 680u
Added Member To Class: ClassName=High-Speed-Line-Follower Member=Component C2 220u
Added Member To Class: ClassName=High-Speed-Line-Follower Member=Component C3 100n
Added Member To Class: ClassName=High-Speed-Line-Follower Member=Component C4 100n
Added Member To Class: ClassName=High-Speed-Line-Follower Member=Component C5 100n
Added Member To Class: ClassName=High-Speed-Line-Follower Member=Component C6 100n
Added Member To Class: ClassName=High-Speed-Line-Follower Member=Component C7 10u
Added Member To Class: ClassName=High-Speed-Line-Follower Member=Component C8 10u
Added Member To Class: ClassName=High-Speed-Line-Follower Member=Component C9 20p
Added Member To Class: ClassName=High-Speed-Line-Follower Member=Component C10 20p
Added Member To Class: ClassName=High-Speed-Line-Follower Member=Component C11 20p
Added Member To Class: ClassName=High-Speed-Line-Follower Member=Component C12 20p
Added Member To Class: ClassName=High-Speed-Line-Follower Member=Component C13 100n
Added Member To Class: ClassName=High-Speed-Line-Follower Member=Component C14 100n
Added Member To Class: ClassName=High-Speed-Line-Follower Member=Component C15 0.1u
Added Member To Class: ClassName=High-Speed-Line-Follower Member=Component C16 0.47u
Added Member To Class: ClassName=High-Speed-Line-Follower Member=Component C17 CAP 4.7uF 10V 0805(2012)
Added Member To Class: ClassName=High-Speed-Line-Follower Member=Component C18 10u
Added Member To Class: ClassName=High-Speed-Line-Follower Member=Component C19 100n
Added Member To Class: ClassName=High-Speed-Line-Follower Member=Component C20 100n
Added Member To Class: ClassName=High-Speed-Line-Follower Member=Component C21 100n
Added Member To Class: ClassName=High-Speed-Line-Follower Member=Component D1 1N4007 SMD
Added Member To Class: ClassName=High-Speed-Line-Follower Member=Component D2 0V55 5A
Added Member To Class: ClassName=High-Speed-Line-Follower Member=Component D3 1N4148WT
Added Member To Class: ClassName=High-Speed-Line-Follower Member=Component D4 RED
Added Member To Class: ClassName=High-Speed-Line-Follower Member=Component D5 GREEN
Added Member To Class: ClassName=High-Speed-Line-Follower Member=Component D6 BLUE
Added Member To Class: ClassName=High-Speed-Line-Follower Member=Component D7 6.8V
Added Member To Class: ClassName=High-Speed-Line-Follower Member=Component J1 KRE
Added Member To Class: ClassName=High-Speed-Line-Follower Member=Component J2 EXHAUST
Added Member To Class: ClassName=High-Speed-Line-Follower Member=Component J3 MOTOR-A
Added Member To Class: ClassName=High-Speed-Line-Follower Member=Component J4 MOTOR-B
Added Member To Class: ClassName=High-Speed-Line-Follower Member=Component J5 687112149022
Added Member To Class: ClassName=High-Speed-Line-Follower Member=Component L1 33u
Added Member To Class: ClassName=High-Speed-Line-Follower Member=Component P1 ST-LINK
Added Member To Class: ClassName=High-Speed-Line-Follower Member=Component P2 UART
Added Member To Class: ClassName=High-Speed-Line-Follower Member=Component Q1 2N7002LT1G
Added Member To Class: ClassName=High-Speed-Line-Follower Member=Component Q2 DMP3099L-7
Added Member To Class: ClassName=High-Speed-Line-Follower Member=Component Q3 TSOP34836
Added Member To Class: ClassName=High-Speed-Line-Follower Member=Component R1 10k
Added Member To Class: ClassName=High-Speed-Line-Follower Member=Component R2 10k
Added Member To Class: ClassName=High-Speed-Line-Follower Member=Component R3 10k
Added Member To Class: ClassName=High-Speed-Line-Follower Member=Component R4 220R
Added Member To Class: ClassName=High-Speed-Line-Follower Member=Component R5 220R
Added Member To Class: ClassName=High-Speed-Line-Follower Member=Component R6 220R
Added Member To Class: ClassName=High-Speed-Line-Follower Member=Component R7 100R
Added Member To Class: ClassName=High-Speed-Line-Follower Member=Component R8 1R
Added Member To Class: ClassName=High-Speed-Line-Follower Member=Component R9 100k
Added Member To Class: ClassName=High-Speed-Line-Follower Member=Component R10 10k
Added Member To Class: ClassName=High-Speed-Line-Follower Member=Component R11 JUMPER
Added Member To Class: ClassName=High-Speed-Line-Follower Member=Component R12 JUMPER
Added Member To Class: ClassName=High-Speed-Line-Follower Member=Component R13 10k
Added Member To Class: ClassName=High-Speed-Line-Follower Member=Component R14 10k
Added Member To Class: ClassName=High-Speed-Line-Follower Member=Component R15 10k
Added Member To Class: ClassName=High-Speed-Line-Follower Member=Component R16 10k
Added Member To Class: ClassName=High-Speed-Line-Follower Member=Component R17 10k
Added Member To Class: ClassName=High-Speed-Line-Follower Member=Component R18 10k
Added Member To Class: ClassName=High-Speed-Line-Follower Member=Component SW1 25436NAH6
Added Member To Class: ClassName=High-Speed-Line-Follower Member=Component SW2 8-1437565-1
Added Member To Class: ClassName=High-Speed-Line-Follower Member=Component SW3 8-1437565-1
Added Member To Class: ClassName=High-Speed-Line-Follower Member=Component U1 STM32F103C8T6
Added Member To Class: ClassName=High-Speed-Line-Follower Member=Component U2 LM2596S-5.0/NOPB
Added Member To Class: ClassName=High-Speed-Line-Follower Member=Component U3 AMS1117-3.3
Added Member To Class: ClassName=High-Speed-Line-Follower Member=Component U4 TB6612FNG
Added Member To Class: ClassName=High-Speed-Line-Follower Member=Component X1 16MHz
Added Member To Class: ClassName=High-Speed-Line-Follower Member=Component Y1 32.768k
